// Vitest Snapshot v1, https://vitest.dev/guide/snapshot.html

exports[`give default Popper > should render correctly and match snapshot 1`] = `
<div
  data-v-app=""
>
  
  <div>
     Anchor 
  </div>
  <div
    data-destyler-popper-content-wrapper=""
    style="position: fixed; left: 0px; top: 0px; transform: translate(0, -200%); min-width: max-content; --destyler-popper-transform-origin:  ;"
  >
    <div
      data-align="center"
      data-side="bottom"
      style="animation: none;"
    >
       Content 
      <span
        style="position: absolute; top: 0px; transform-origin: center 0; transform: rotate(180deg); visibility: hidden;"
      />
    </div>
  </div>
  
</div>
`;
