// Vitest Snapshot v1, https://vitest.dev/guide/snapshot.html

exports[`given an Avatar with fallback and a working image > should match before image loaded snapshot 1`] = `"<span><img role="img" src="https://github.com/elonehoo.png" alt="Elone Hoo"><!----></span>"`;
